---
source: frontend/tests/elaboration_tests.rs
expression: output
---
ElaboratedDef match_nat
  ty: Pi(Ind("Nat", []), Ind("Nat", []), Default, Fn)
  val: Lam(Ind("Nat", []), App(App(App(App(Rec("Nat", [Succ(Zero)]), Lam(Ind("Nat", []), Ind("Nat", []), Default, Fn)), Ctor("Nat", 0, [])), Lam(Ind("Nat", []), Lam(Ind("Nat", []), App(Ctor("Nat", 1, []), Var(1)), Default, FnOnce), Default, FnOnce)), Var(0)), Default, Fn)
