---
source: frontend/tests/macro_expansion_tests.rs
expression: expand(input)
---
"SurfaceTerm { kind: App(SurfaceTerm { kind: Var(\"quasiquote\"), span: Span { start: 18, end: 28, line: 2, col: 17 } }, SurfaceTerm { kind: App(SurfaceTerm { kind: Var(\"unquote\"), span: Span { start: 30, end: 37, line: 2, col: 29 } }, SurfaceTerm { kind: App(SurfaceTerm { kind: Ctor(\"Nat\", 1), span: Span { start: 38, end: 39, line: 2, col: 37 } }, SurfaceTerm { kind: Ctor(\"Nat\", 0), span: Span { start: 38, end: 39, line: 2, col: 37 } }, true), span: Span { start: 38, end: 39, line: 2, col: 37 } }, true), span: Span { start: 29, end: 40, line: 2, col: 28 } }, true), span: Span { start: 17, end: 41, line: 2, col: 16 } }\n"
