---
source: cli/tests/golden_suite.rs
assertion_line: 154
expression: output
---
ElaboratedDef add_one
  ty: Pi(Ind("Nat", []), Ind("Nat", []), Default)
  val: Lam(Ind("Nat", []), App(Const("succ", []), Var(0)), Default)

MirBody add_one
  Body { basic_blocks: [BasicBlockData { statements: [Assign(Place { local: Local(0), projection: [] }, Use(Constant(Constant { literal: Closure(0, []), ty: Unit })))], terminator: Some(Goto { target: BasicBlock(1) }) }, BasicBlockData { statements: [], terminator: Some(Return) }], local_decls: [LocalDecl { ty: Fn([Nat], Nat), name: Some("_0"), is_prop: false, is_copy: true }], arg_count: 0 }

BorrowCheck add_one
  ok

ElaboratedDef match_nat
  ty: Pi(Ind("Nat", []), Ind("Nat", []), Default)
  val: Lam(Ind("Nat", []), App(App(App(App(Rec("Nat", [Succ(Zero)]), Lam(Ind("Nat", []), Ind("Nat", []), Default)), Const("zero", [])), Lam(Ind("Nat", []), Lam(Ind("Nat", []), App(Const("succ", []), Var(1)), Default), Default)), Var(0)), Default)

MirBody match_nat
  Body { basic_blocks: [BasicBlockData { statements: [Assign(Place { local: Local(0), projection: [] }, Use(Constant(Constant { literal: Closure(3, []), ty: Unit })))], terminator: Some(Goto { target: BasicBlock(1) }) }, BasicBlockData { statements: [], terminator: Some(Return) }], local_decls: [LocalDecl { ty: Fn([Nat], Nat), name: Some("_0"), is_prop: false, is_copy: true }], arg_count: 0 }

BorrowCheck match_nat
  ok
